// Jest Snapshot v1, https://goo.gl/fbAQLP

exports[`Component: ProductCardsList should render correctly 1`] = `
<div>
  <div
    class="cards catalog__cards"
  >
    <div
      class="product-card"
    >
      <img
        alt="Честер Plus"
        height="190"
        src="http://placeimg/content.com/640/480/cats"
        width="75"
      />
      <div
        class="product-card__info"
      >
        <div
          aria-hidden="true"
          class="rate product-card__rate"
        >
          <span
            class="visually-hidden"
          >
            Рейтинг:
          </span>
          <svg
            aria-hidden="true"
            height="11"
            width="12"
          >
            <use
              xlink:href="#icon-full-star"
            />
          </svg>
          <svg
            aria-hidden="true"
            height="11"
            width="12"
          >
            <use
              xlink:href="#icon-full-star"
            />
          </svg>
          <svg
            aria-hidden="true"
            height="11"
            width="12"
          >
            <use
              xlink:href="#icon-full-star"
            />
          </svg>
          <svg
            aria-hidden="true"
            height="11"
            width="12"
          >
            <use
              xlink:href="#icon-full-star"
            />
          </svg>
          <svg
            aria-hidden="true"
            height="11"
            width="12"
          >
            <use
              xlink:href="#icon-full-star"
            />
          </svg>
          <span
            class="rate__count"
          >
            5
          </span>
          <span
            class="rate__message"
          />
        </div>
        <p
          class="product-card__title"
        >
          Честер Plus
        </p>
        <p
          class="product-card__price"
        >
          <span
            class="visually-hidden"
          >
            Цена:
          </span>
          1500
           ₽
        </p>
      </div>
      <div
        class="product-card__buttons"
      >
        <a
          class="button button--mini"
          data-testid="more"
          href="#"
        >
          Подробнее
        </a>
        <a
          class="button button--red button--mini button--add-to-cart"
          href="#"
        >
          Купить
        </a>
      </div>
    </div>
    <div
      class="product-card"
    >
      <img
        alt="Честер Plus"
        height="190"
        src="http://placeimg/content.com/640/480/fashion"
        width="75"
      />
      <div
        class="product-card__info"
      >
        <div
          aria-hidden="true"
          class="rate product-card__rate"
        >
          <span
            class="visually-hidden"
          >
            Рейтинг:
          </span>
          <svg
            aria-hidden="true"
            height="11"
            width="12"
          >
            <use
              xlink:href="#icon-full-star"
            />
          </svg>
          <svg
            aria-hidden="true"
            height="11"
            width="12"
          >
            <use
              xlink:href="#icon-full-star"
            />
          </svg>
          <svg
            aria-hidden="true"
            height="11"
            width="12"
          >
            <use
              xlink:href="#icon-full-star"
            />
          </svg>
          <svg
            aria-hidden="true"
            height="11"
            width="12"
          >
            <use
              xlink:href="#icon-full-star"
            />
          </svg>
          <svg
            aria-hidden="true"
            height="11"
            width="12"
          >
            <use
              xlink:href="#icon-full-star"
            />
          </svg>
          <span
            class="rate__count"
          >
            5
          </span>
          <span
            class="rate__message"
          />
        </div>
        <p
          class="product-card__title"
        >
          Честер Plus
        </p>
        <p
          class="product-card__price"
        >
          <span
            class="visually-hidden"
          >
            Цена:
          </span>
          1500
           ₽
        </p>
      </div>
      <div
        class="product-card__buttons"
      >
        <a
          class="button button--mini"
          data-testid="more"
          href="#"
        >
          Подробнее
        </a>
        <a
          class="button button--red button--mini button--add-to-cart"
          href="#"
        >
          Купить
        </a>
      </div>
    </div>
    <div
      class="product-card"
    >
      <img
        alt="Честер Plus"
        height="190"
        src="http://placeimg/content.com/640/480/fashion"
        width="75"
      />
      <div
        class="product-card__info"
      >
        <div
          aria-hidden="true"
          class="rate product-card__rate"
        >
          <span
            class="visually-hidden"
          >
            Рейтинг:
          </span>
          <svg
            aria-hidden="true"
            height="11"
            width="12"
          >
            <use
              xlink:href="#icon-full-star"
            />
          </svg>
          <svg
            aria-hidden="true"
            height="11"
            width="12"
          >
            <use
              xlink:href="#icon-full-star"
            />
          </svg>
          <svg
            aria-hidden="true"
            height="11"
            width="12"
          >
            <use
              xlink:href="#icon-full-star"
            />
          </svg>
          <svg
            aria-hidden="true"
            height="11"
            width="12"
          >
            <use
              xlink:href="#icon-full-star"
            />
          </svg>
          <svg
            aria-hidden="true"
            height="11"
            width="12"
          >
            <use
              xlink:href="#icon-full-star"
            />
          </svg>
          <span
            class="rate__count"
          >
            5
          </span>
          <span
            class="rate__message"
          />
        </div>
        <p
          class="product-card__title"
        >
          Честер Plus
        </p>
        <p
          class="product-card__price"
        >
          <span
            class="visually-hidden"
          >
            Цена:
          </span>
          1500
           ₽
        </p>
      </div>
      <div
        class="product-card__buttons"
      >
        <a
          class="button button--mini"
          data-testid="more"
          href="#"
        >
          Подробнее
        </a>
        <a
          class="button button--red button--mini button--add-to-cart"
          href="#"
        >
          Купить
        </a>
      </div>
    </div>
    <div
      class="product-card"
    >
      <img
        alt="Честер Plus"
        height="190"
        src="http://placeimg/content.com/640/480/sports"
        width="75"
      />
      <div
        class="product-card__info"
      >
        <div
          aria-hidden="true"
          class="rate product-card__rate"
        >
          <span
            class="visually-hidden"
          >
            Рейтинг:
          </span>
          <svg
            aria-hidden="true"
            height="11"
            width="12"
          >
            <use
              xlink:href="#icon-full-star"
            />
          </svg>
          <svg
            aria-hidden="true"
            height="11"
            width="12"
          >
            <use
              xlink:href="#icon-full-star"
            />
          </svg>
          <svg
            aria-hidden="true"
            height="11"
            width="12"
          >
            <use
              xlink:href="#icon-full-star"
            />
          </svg>
          <svg
            aria-hidden="true"
            height="11"
            width="12"
          >
            <use
              xlink:href="#icon-full-star"
            />
          </svg>
          <svg
            aria-hidden="true"
            height="11"
            width="12"
          >
            <use
              xlink:href="#icon-full-star"
            />
          </svg>
          <span
            class="rate__count"
          >
            5
          </span>
          <span
            class="rate__message"
          />
        </div>
        <p
          class="product-card__title"
        >
          Честер Plus
        </p>
        <p
          class="product-card__price"
        >
          <span
            class="visually-hidden"
          >
            Цена:
          </span>
          1500
           ₽
        </p>
      </div>
      <div
        class="product-card__buttons"
      >
        <a
          class="button button--mini"
          data-testid="more"
          href="#"
        >
          Подробнее
        </a>
        <a
          class="button button--red button--mini button--add-to-cart"
          href="#"
        >
          Купить
        </a>
      </div>
    </div>
    <div
      class="product-card"
    >
      <img
        alt="Честер Plus"
        height="190"
        src="http://placeimg/content.com/640/480/cats"
        width="75"
      />
      <div
        class="product-card__info"
      >
        <div
          aria-hidden="true"
          class="rate product-card__rate"
        >
          <span
            class="visually-hidden"
          >
            Рейтинг:
          </span>
          <svg
            aria-hidden="true"
            height="11"
            width="12"
          >
            <use
              xlink:href="#icon-full-star"
            />
          </svg>
          <svg
            aria-hidden="true"
            height="11"
            width="12"
          >
            <use
              xlink:href="#icon-full-star"
            />
          </svg>
          <svg
            aria-hidden="true"
            height="11"
            width="12"
          >
            <use
              xlink:href="#icon-full-star"
            />
          </svg>
          <svg
            aria-hidden="true"
            height="11"
            width="12"
          >
            <use
              xlink:href="#icon-full-star"
            />
          </svg>
          <svg
            aria-hidden="true"
            height="11"
            width="12"
          >
            <use
              xlink:href="#icon-full-star"
            />
          </svg>
          <span
            class="rate__count"
          >
            5
          </span>
          <span
            class="rate__message"
          />
        </div>
        <p
          class="product-card__title"
        >
          Честер Plus
        </p>
        <p
          class="product-card__price"
        >
          <span
            class="visually-hidden"
          >
            Цена:
          </span>
          1500
           ₽
        </p>
      </div>
      <div
        class="product-card__buttons"
      >
        <a
          class="button button--mini"
          data-testid="more"
          href="#"
        >
          Подробнее
        </a>
        <a
          class="button button--red button--mini button--add-to-cart"
          href="#"
        >
          Купить
        </a>
      </div>
    </div>
  </div>
</div>
`;
